../Core/Src/tim.c:108:6:MX_TIM2_Init	56	static
../Core/Src/tim.c:152:6:MX_TIM3_Init	56	static
../Core/Src/tim.c:196:6:MX_TIM14_Init	8	static
../Core/Src/tim.c:296:6:HAL_TIM_Base_MspInit	24	static
../Core/Src/tim.c:338:6:HAL_TIM_Encoder_MspInit	48	static
../Core/Src/tim.c:405:6:HAL_TIM_MspPostInit	40	static
../Core/Src/tim.c:34:6:MX_TIM1_Init	96	static
../Core/Src/tim.c:222:6:MX_TIM15_Init	96	static
../Core/Src/tim.c:455:6:HAL_TIM_Base_MspDeInit	8	static
../Core/Src/tim.c:496:6:HAL_TIM_Encoder_MspDeInit	8	static
