../Drivers/STM32F0xx_HAL_Driver/Src/stm32f0xx_ll_usb.c:64:19:USB_CoreInit	0	static
../Drivers/STM32F0xx_HAL_Driver/Src/stm32f0xx_ll_usb.c:84:19:USB_EnableGlobalInt	0	static
../Drivers/STM32F0xx_HAL_Driver/Src/stm32f0xx_ll_usb.c:109:19:USB_DisableGlobalInt	0	static
../Drivers/STM32F0xx_HAL_Driver/Src/stm32f0xx_ll_usb.c:133:19:USB_SetCurrentMode	0	static
../Drivers/STM32F0xx_HAL_Driver/Src/stm32f0xx_ll_usb.c:154:19:USB_DevInit	0	static
../Drivers/STM32F0xx_HAL_Driver/Src/stm32f0xx_ll_usb.c:182:19:USB_ActivateEndpoint	20	static
../Drivers/STM32F0xx_HAL_Driver/Src/stm32f0xx_ll_usb.c:305:19:USB_DeactivateEndpoint	8	static
../Drivers/STM32F0xx_HAL_Driver/Src/stm32f0xx_ll_usb.c:575:19:USB_EPSetStall	0	static
../Drivers/STM32F0xx_HAL_Driver/Src/stm32f0xx_ll_usb.c:595:19:USB_EPClearStall	8	static
../Drivers/STM32F0xx_HAL_Driver/Src/stm32f0xx_ll_usb.c:627:19:USB_StopDevice	0	static
../Drivers/STM32F0xx_HAL_Driver/Src/stm32f0xx_ll_usb.c:648:20:USB_SetDevAddress	0	static
../Drivers/STM32F0xx_HAL_Driver/Src/stm32f0xx_ll_usb.c:664:20:USB_DevConnect	0	static
../Drivers/STM32F0xx_HAL_Driver/Src/stm32f0xx_ll_usb.c:677:20:USB_DevDisconnect	0	static
../Drivers/STM32F0xx_HAL_Driver/Src/stm32f0xx_ll_usb.c:690:11:USB_ReadInterrupts	0	static
../Drivers/STM32F0xx_HAL_Driver/Src/stm32f0xx_ll_usb.c:703:19:USB_ActivateRemoteWakeup	0	static
../Drivers/STM32F0xx_HAL_Driver/Src/stm32f0xx_ll_usb.c:715:19:USB_DeActivateRemoteWakeup	0	static
../Drivers/STM32F0xx_HAL_Driver/Src/stm32f0xx_ll_usb.c:730:6:USB_WritePMA	8	static
../Drivers/STM32F0xx_HAL_Driver/Src/stm32f0xx_ll_usb.c:361:19:USB_EPStartXfer	16	static
../Drivers/STM32F0xx_HAL_Driver/Src/stm32f0xx_ll_usb.c:764:6:USB_ReadPMA	8	static
